[www.kingspec.com.cn/index.html]
[backblue.gif]
[fade.gif]
[index.html]
[www.kingspec.com.cn/publicScripts/common/jquery.js]
[www.kingspec.com.cn/publicScripts/lib.min.js]
[www.kingspec.com.cn/publicScripts/components/index752c.html]
[www.kingspec.com.cn/styles/wow.min.js]
[www.kingspec.com.cn/styles/fakeloader.min.js]
[www.kingspec.com.cn/styles/gotop.js]
[www.kingspec.com.cn/buy/&i=19&comContentId=19.html]
[www.kingspec.com.cn/news_list/columnsId=88&&newsCategoryId=15.html]
[www.kingspec.com.cn/message1.html]
[www.kingspec.com.cn/index-2.html]
[www.kingspec.com.cn/images/img/logo.png]
[www.kingspec.com.cn/products_list/pmcId=21.html]
[www.kingspec.com.cn/news_list/newsCategoryId=5.html]
[www.kingspec.com.cn/about/i=2&comContentId=2.html]
[www.kingspec.com.cn/purchase.html]
[www.kingspec.com.cn/members_login/columnsId=90.html]
[www.kingspec.com.cn/products_list/pmcId=22.html]
[www.kingspec.com.cn/products_list/pmcId=23.html]
[www.kingspec.com.cn/products_list/pmcId=24.html]
[www.kingspec.com.cn/products_list/pmcId=25.html]
[www.kingspec.com.cn/products_list/pmcId=28.html]
[www.kingspec.com.cn/products_list/pmcId=29.html]
[www.kingspec.com.cn/products_list/columnsId=91&pmcId=57.html]
[www.kingspec.com.cn/products_list/pmcId=58.html]
[www.kingspec.com.cn/products_list/pmcId=59.html]
[www.kingspec.com.cn/products_list/pmcId=60.html]
[www.kingspec.com.cn/message.html]
[www.kingspec.com.cn/faq/newsCategoryId=11.html]
[www.kingspec.com.cn/Sale.html]
[www.kingspec.com.cn/download.html]
[www.kingspec.com.cn/news_list/newsCategoryId=6.html]
[www.kingspec.com.cn/news_list/newsCategoryId=7.html]
[www.kingspec.com.cn/news_list/newsCategoryId=8.html]
[www.kingspec.com.cn/news_list/newsCategoryId=15.html]
[www.kingspec.com.cn/about/i=9&comContentId=9.html]
[www.kingspec.com.cn/about/i=8&comContentId=8.html]
[www.kingspec.com.cn/about/i=7&comContentId=7.html]
[www.kingspec.com.cn/about/i=6&comContentId=6.html]
[www.kingspec.com.cn/about/i=5&comContentId=5.html]
[www.kingspec.com.cn/video.html]
[www.kingspec.com.cn/buy/i=18&comContentId=18.html]
[www.kingspec.com.cn/xs_list.html]
[www.kingspec.com.cn/buy/i=3&comContentId=3.html]
[www.kingspec.com.cn/products_list.html]
[www.kingspec.com.cn/publicScripts/common/superslide.2.1.js]
[www.kingspec.com.cn/imageRepository/25ddea63-e492-496f-9e49-686d1ad0819f.jpg]
[www.kingspec.com.cn/imageRepository/e10ce632-247b-4364-9520-93ccd7117fdc.jpg]
[www.kingspec.com.cn/news_detail/newsId=31.html]
[www.kingspec.com.cn/news_detail/newsId=30.html]
[www.kingspec.com.cn/news_detail/newsId=29.html]
[www.kingspec.com.cn/news_detail/newsId=28.html]
[www.kingspec.com.cn/news_detail/newsId=27.html]
[www.kingspec.com.cn/news_detail/newsId=26.html]
[www.kingspec.com.cn/news_detail/newsId=25.html]
[www.kingspec.com.cn/news_detail/newsId=24.html]
[www.kingspec.com.cn/news_detail/newsId=23.html]
[www.kingspec.com.cn/news_detail/newsId=22.html]
[www.kingspec.com.cn/products_list/&pmcId=30.html]
[www.kingspec.com.cn/images/img/p1.png]
[www.kingspec.com.cn/products_list/&pmcId=45.html]
[www.kingspec.com.cn/images/img/p2.png]
[www.kingspec.com.cn/products_list/&pmcId=31.html]
[www.kingspec.com.cn/images/img/p3.png]
[www.kingspec.com.cn/products_list/&pmcId=51.html]
[www.kingspec.com.cn/images/img/p4.png]
[www.kingspec.com.cn/images/img/dian.png]
[www.kingspec.com.cn/zt.html]
[www.kingspec.com.cn/images/img/i02.png]
[www.kingspec.com.cn/images/img/i01.png]
[www.kingspec.com.cn/products_list/&pmcId=32.html]
[www.kingspec.com.cn/products_list/&pmcId=33.html]
[www.kingspec.com.cn/products_list/&pmcId=34.html]
[www.kingspec.com.cn/products_list/&pmcId=35.html]
[www.kingspec.com.cn/products_list/&pmcId=36.html]
[www.kingspec.com.cn/products_list/&pmcId=37.html]
[www.kingspec.com.cn/products_list/&pmcId=38.html]
[www.kingspec.com.cn/products_list/&pmcId=39.html]
[www.kingspec.com.cn/products_list/&pmcId=41.html]
[www.kingspec.com.cn/products_list/&pmcId=42.html]
[www.kingspec.com.cn/products_list/&pmcId=43.html]
[www.kingspec.com.cn/products_list/&pmcId=44.html]
[www.kingspec.com.cn/products_list/&pmcId=46.html]
[www.kingspec.com.cn/products_list/&pmcId=47.html]
[www.kingspec.com.cn/products_list/&pmcId=48.html]
[www.kingspec.com.cn/products_list/&pmcId=49.html]
[www.kingspec.com.cn/products_list/&pmcId=50.html]
[www.kingspec.com.cn/faq/&newsCategoryId=11.html]
[www.kingspec.com.cn/news_list/&newsCategoryId=5.html]
[www.kingspec.com.cn/news_list/&newsCategoryId=6.html]
[www.kingspec.com.cn/news_list/&newsCategoryId=7.html]
[www.kingspec.com.cn/news_list/&newsCategoryId=8.html]
[www.kingspec.com.cn/news_list/&newsCategoryId=15.html]
[www.kingspec.com.cn/about/&i=2&comContentId=2.html]
[www.kingspec.com.cn/about/&i=9&comContentId=9.html]
[www.kingspec.com.cn/about/&i=8&comContentId=8.html]
[www.kingspec.com.cn/about/&i=7&comContentId=7.html]
[www.kingspec.com.cn/about/&i=6&comContentId=6.html]
[www.kingspec.com.cn/about/&i=5&comContentId=5.html]
[www.kingspec.com.cn/images/img/fw.jpg]
[www.kingspec.com.cn/images/img/f2.jpg]
[szcert.ebs.org.cn/govicona297.js]
[www.kingspec.com.cn/images/img/wem.png]
[www.kingspec.com.cn/images/img/a1.png]
[www.kingspec.com.cn/images/img/as.png]
[www.kingspec.com.cn/buy/&i=3&comContentId=3.html]
[www.kingspec.com.cn/images/img/a3.png]
[www.kingspec.com.cn/js/jquery.min.70.delayed]
[www.kingspec.com.cn/js/fakeloader.min.71.delayed]
[ztouch2.gather.shushang-z.cn/scripts/visittrack.js]
[www.kingspec.com.cn/index.html]
[www.kingspec.com.cn/images/cjq/top.73.delayed]
[www.kingspec.com.cn/images/common/time/icon-time.gif]
[www.kingspec.com.cn/images/common/tip/ok.gif]
[www.kingspec.com.cn/images/common/tip/error.gif]
[www.kingspec.com.cn/images/img/s0111.png]
[www.kingspec.com.cn/images/common/btnbg.jpg]
[www.kingspec.com.cn/images/common/skip-page/bgpage-01.gif]
[www.kingspec.com.cn/images/common/bgbtn-01.gif]
[www.kingspec.com.cn/images/common/loading.gif]
[www.kingspec.com.cn/images/common/jt.gif]
[www.kingspec.com.cn/images/common/button/btna-blue1-03.gif]
[www.kingspec.com.cn/images/common/button/btna-red1-01.gif]
[www.kingspec.com.cn/images/common/button/btna-red1-02.gif]
[www.kingspec.com.cn/images/common/button/btna-red1-03.gif]
[www.kingspec.com.cn/images/common/button/btna-red1-04.gif]
[www.kingspec.com.cn/images/common/button/btna-blue1-12.gif]
[www.kingspec.com.cn/images/common/button/btna-gray1-05.gif]
[www.kingspec.com.cn/images/common/button/btna-gray1-06.gif]
[www.kingspec.com.cn/images/img/s0222.png]
[www.kingspec.com.cn/images/cjq/s02.86.delayed]
[www.kingspec.com.cn/images/common/button/btn-red1-01.gif]
[www.kingspec.com.cn/images/common/button/btn-red1-02.gif]
[www.kingspec.com.cn/images/common/button/btn-red1-03.gif]
[www.kingspec.com.cn/images/common/button/btn-red1-04.gif]
[www.kingspec.com.cn/images/common/button/btn-blue1-10.gif]
[www.kingspec.com.cn/images/common/button/btn-blue1-11.gif]
[www.kingspec.com.cn/images/common/button/btn-blue1-12.gif]
[www.kingspec.com.cn/images/common/button/btn-blue1-15.gif]
[www.kingspec.com.cn/images/common/button/btn-blue1-16.gif]
[www.kingspec.com.cn/images/common/button/btna-gray1-01.gif]
[www.kingspec.com.cn/images/common/button/btna-gray1-04.gif]
[www.kingspec.com.cn/images/common/button/btna-red1-07.gif]
[www.kingspec.com.cn/images/common/button/btna-red1-08.gif]
[www.kingspec.com.cn/images/common/button/btna-red1-09.gif]
[www.kingspec.com.cn/images/common/button/btna-red1-10.gif]
[www.kingspec.com.cn/images/common/button/btn-blue1-17.gif]
[www.kingspec.com.cn/images/common/button/btn-blue1-03.gif]
[www.kingspec.com.cn/images/common/button/btn-red1-05.gif]
[www.kingspec.com.cn/images/common/button/btn-red1-06.gif]
[www.kingspec.com.cn/borders/border_42/images/border-topr.gif]
[www.kingspec.com.cn/borders/border_42/images/border-topl.gif]
[www.kingspec.com.cn/borders/border_42/images/border-midr.gif]
[www.kingspec.com.cn/borders/border_42/images/border-midl.gif]
[www.kingspec.com.cn/borders/border_42/images/border-footerr.gif]
[www.kingspec.com.cn/borders/border_42/images/border-footerl.gif]
[www.kingspec.com.cn/borders/border_43/images/border-topr.gif]
[www.kingspec.com.cn/borders/border_43/images/border-topl.gif]
[www.kingspec.com.cn/borders/border_43/images/border-midr.gif]
[www.kingspec.com.cn/borders/border_43/images/border-midl.gif]
[www.kingspec.com.cn/borders/border_43/images/border-footerr.gif]
[www.kingspec.com.cn/borders/border_43/images/border-footerl.gif]
[www.kingspec.com.cn/borders/border_44/images/border-topr.gif]
[www.kingspec.com.cn/borders/border_44/images/border-topl.gif]
[www.kingspec.com.cn/borders/border_44/images/border-midr.gif]
[www.kingspec.com.cn/borders/border_44/images/border-midl.gif]
[www.kingspec.com.cn/borders/border_44/images/border-footerr.gif]
[www.kingspec.com.cn/borders/border_44/images/border-footerl.gif]
[www.kingspec.com.cn/borders/border_45/images/border-topr.gif]
[www.kingspec.com.cn/borders/border_45/images/border-topl.gif]
[www.kingspec.com.cn/borders/border_45/images/border-midr.gif]
[www.kingspec.com.cn/borders/border_45/images/border-midl.gif]
[www.kingspec.com.cn/borders/border_45/images/border-footerr.gif]
[www.kingspec.com.cn/borders/border_45/images/border-footerl.gif]
[www.kingspec.com.cn/borders/border_46/images/border-topr.gif]
[www.kingspec.com.cn/borders/border_46/images/border-topl.gif]
[www.kingspec.com.cn/borders/border_46/images/border-midr.gif]
[www.kingspec.com.cn/borders/border_46/images/border-midl.gif]
[www.kingspec.com.cn/borders/border_46/images/border-footerr.gif]
[www.kingspec.com.cn/borders/border_46/images/border-footerl.gif]
[www.kingspec.com.cn/images/common/widgets/f6f6f6_40x100_textures_02_glass_100.png]
[www.kingspec.com.cn/images/common/widgets/ef8c08_7x7_arrow_right.gif]
[www.kingspec.com.cn/images/common/widgets/fdf5ce_40x100_textures_02_glass_100.png]
[www.kingspec.com.cn/images/common/widgets/ffffff_40x100_textures_02_glass_65.png]
[www.kingspec.com.cn/images/common/widgets/ef8c08_7x7_arrow_down.gif]
[www.kingspec.com.cn/images/common/widgets/eeeeee_40x100_textures_03_highlight_soft_100.png]
[www.kingspec.com.cn/images/common/widgets/222222_11x11_icon_resize_se.gif]
[www.kingspec.com.cn/images/common/widgets/ef8c08_11x11_icon_close.gif]
[www.kingspec.com.cn/images/common/widgets/ui-bg_flat_0_aaaaaa_40x100.c0.delayed]
[www.kingspec.com.cn/images/common/widgets/ef8c08_7x7_arrow_left.gif]
[www.kingspec.com.cn/images/common/widgets/222222_7x7_arrow_right.gif]
[www.kingspec.com.cn/images/common/widgets/222222_7x7_arrow_left.gif]
[www.kingspec.com.cn/images/common/widgets/222222_7x7_arrow_down.gif]
[www.kingspec.com.cn/images/common/widgets/ef8c08_7x7_arrow_up.gif]
[www.kingspec.com.cn/images/common/widgets/222222_7x7_arrow_up.gif]
[www.kingspec.com.cn/images/common/widgets/ef8c08_11x11_icon_folder_closed.gif]
[www.kingspec.com.cn/images/common/widgets/ef8c08_11x11_icon_folder_open.gif]
[www.kingspec.com.cn/images/common/widgets/ef8c08_11x11_icon_doc.gif]
[www.kingspec.com.cn/images/common/widgets/222222_11x11_icon_doc.gif]
[www.kingspec.com.cn/images/common/widgets/ef8c08_11x11_icon_arrows_leftright.gif]
[www.kingspec.com.cn/images/common/widgets/222222_11x11_icon_arrows_leftright.gif]
[www.kingspec.com.cn/images/common/widgets/ef8c08_11x11_icon_arrows_updown.gif]
[www.kingspec.com.cn/images/common/widgets/222222_11x11_icon_arrows_updown.gif]
[www.kingspec.com.cn/images/common/widgets/ef8c08_11x11_icon_minus.gif]
[www.kingspec.com.cn/images/common/widgets/222222_11x11_icon_minus.gif]
[www.kingspec.com.cn/images/common/widgets/ef8c08_11x11_icon_plus.gif]
[www.kingspec.com.cn/images/common/widgets/222222_11x11_icon_plus.gif]
[www.kingspec.com.cn/styles/lib.min9eae.css]
[www.kingspec.com.cn/images/cjq/ny03.d3.delayed]
[www.kingspec.com.cn/images/cjq/prev.d4.delayed]
[www.kingspec.com.cn/images/cjq/next.d5.delayed]
[www.kingspec.com.cn/images/public/ajax-loader.gif]
[www.kingspec.com.cn/images/cjq/e2.d7.delayed]
[www.kingspec.com.cn/images/public/arrowhead_left.gif]
[www.kingspec.com.cn/images/public/arrowhead_right.gif]
[www.kingspec.com.cn/images/public/arrowhead_left_hover.gif]
[www.kingspec.com.cn/images/public/arrowhead_right_hover.gif]
[www.kingspec.com.cn/images/cjq/e1.dc.delayed]
[www.kingspec.com.cn/images/public/slider-arrow.png]
[www.kingspec.com.cn/images/img/nav.png]
[www.kingspec.com.cn/images/cjq/nav_line.df.delayed]
[www.kingspec.com.cn/images/columns/nav-pic-02.gif]
[www.kingspec.com.cn/images/columns/nav-hover-02.gif]
[www.kingspec.com.cn/images/columns/nav-divpic-02.gif]
[www.kingspec.com.cn/images/columns/nav-divpic-01.gif]
[www.kingspec.com.cn/images/columns/congenerhotlist_icon1.gif]
[www.kingspec.com.cn/images/cjq/xl.e5.delayed]
[www.kingspec.com.cn/images/cjq/bg.e6.delayed]
[www.kingspec.com.cn/images/columns/nav-sec-bg.gif]
[www.kingspec.com.cn/images/img/s01.png]
[www.kingspec.com.cn/images/img/s011.png]
[www.kingspec.com.cn/images/img/s022.png]
[www.kingspec.com.cn/images/products/icon-07.gif]
[www.kingspec.com.cn/images/products/icon-08.gif]
[www.kingspec.com.cn/images/products/icon-09.gif]
[www.kingspec.com.cn/images/products/icon-10.gif]
[www.kingspec.com.cn/images/cjq/p_bg.ef.delayed]
[www.kingspec.com.cn/images/products/size_bg.gif]
[www.kingspec.com.cn/images/products/btn-blue1-02.gif]
[www.kingspec.com.cn/images/products/btn-gray1-02.gif]
[www.kingspec.com.cn/images/products/btn-gray1-03.gif]
[www.kingspec.com.cn/images/products/pop-top.gif]
[www.kingspec.com.cn/images/products/close.gif]
[www.kingspec.com.cn/images/products/close-hover.gif]
[www.kingspec.com.cn/images/products/pop-bg.gif]
[www.kingspec.com.cn/images/products/pop-bottom.gif]
[www.kingspec.com.cn/images/products/ad-close-01.gif]
[www.kingspec.com.cn/images/products/ad-close-02.gif]
[www.kingspec.com.cn/images/products/navigator.png]
[www.kingspec.com.cn/images/cjq/next.fc.delayed]
[www.kingspec.com.cn/images/cjq/prev.fd.delayed]
[www.kingspec.com.cn/images/products/vert_large.png]
[www.kingspec.com.cn/images/products/hori_large.png]
[www.kingspec.com.cn/images/cjq/icon.100.delayed]
[www.kingspec.com.cn/images/pr_bg2.101.delayed]
[www.kingspec.com.cn/images/cjq/next1.102.delayed]
[www.kingspec.com.cn/images/cjq/prev1.103.delayed]
[www.kingspec.com.cn/images/products/lightbox/fancy_nav_left.png]
[www.kingspec.com.cn/images/products/lightbox/fancy_nav_right.png]
[www.kingspec.com.cn/images/links/navigator.png]
[www.kingspec.com.cn/images/links/hori_large.png]
[www.kingspec.com.cn/images/links/vert_large.png]
[www.kingspec.com.cn/images/news/icon-09.gif]
[www.kingspec.com.cn/images/news/icon-04.gif]
[www.kingspec.com.cn/images/news/line-01.gif]
[www.kingspec.com.cn/images/news/navigator.png]
[www.kingspec.com.cn/images/news/hori_large.png]
[www.kingspec.com.cn/images/news/vert_large.png]
[www.kingspec.com.cn/images/cjq/news_icon.10f.delayed]
[www.kingspec.com.cn/images/cjq/news_icon.110.delayed]
[www.kingspec.com.cn/images/img/faq.png]
[www.kingspec.com.cn/images/cjq/tab.112.delayed]
[www.kingspec.com.cn/images/cjq/01.113.delayed]
[www.kingspec.com.cn/images/img/line.png]
[www.kingspec.com.cn/images/img/y1.png]
[www.kingspec.com.cn/images/img/y2.png]
[www.kingspec.com.cn/images/img/y3.png]
[www.kingspec.com.cn/images/img/y4.png]
[www.kingspec.com.cn/images/img/y5.png]
[www.kingspec.com.cn/styles/page_index.min9eae.css]
[www.kingspec.com.cn/images/top_bg.jpg]
[www.kingspec.com.cn/images/cjq/nav2.11b.delayed]
[www.kingspec.com.cn/images/cjq/nav_bg.11c.delayed]
[www.kingspec.com.cn/images/img/d1.png]
[www.kingspec.com.cn/images/img/d2.png]
[www.kingspec.com.cn/images/img/d3.png]
[www.kingspec.com.cn/images/img/cp_bg.jpg]
[www.kingspec.com.cn/images/cjq/line2.121.delayed]
[www.kingspec.com.cn/images/cjq/c1.122.delayed]
[www.kingspec.com.cn/images/cjq/c2.123.delayed]
[www.kingspec.com.cn/images/cjq/c3.124.delayed]
[www.kingspec.com.cn/images/cjq/c4.125.delayed]
[www.kingspec.com.cn/images/cjq/c5.126.delayed]
[www.kingspec.com.cn/images/cjq/c11.127.delayed]
[www.kingspec.com.cn/images/cjq/c22.128.delayed]
[www.kingspec.com.cn/images/cjq/c33.129.delayed]
[www.kingspec.com.cn/images/cjq/c44.12a.delayed]
[www.kingspec.com.cn/images/cjq/c55.12b.delayed]
[www.kingspec.com.cn/images/cjq/ico9.12c.delayed]
[www.kingspec.com.cn/images/cjq/ico10.12d.delayed]
[www.kingspec.com.cn/images/cjq/ico11.12e.delayed]
[www.kingspec.com.cn/images/cjq/cp_t.12f.delayed]
[www.kingspec.com.cn/images/cjq/ny02.130.delayed]
[www.kingspec.com.cn/images/cjq/ny_bt_bg.131.delayed]
[www.kingspec.com.cn/images/img/a2.png]
[www.kingspec.com.cn/images/line-bg.png]
[www.kingspec.com.cn/images/clock.134.delayed]
[www.kingspec.com.cn/images/circle.png]
[www.kingspec.com.cn/styles/myCss.css]
[www.kingspec.com.cn/fonts/glyphicons-halflings-regular.136.delayed]
[www.kingspec.com.cn/fonts/glyphicons-halflings-regular.137d41d.delayed]
[www.kingspec.com.cn/fonts/glyphicons-halflings-regular.138.delayed]
[www.kingspec.com.cn/fonts/glyphicons-halflings-regular.139.delayed]
[www.kingspec.com.cn/fonts/glyphicons-halflings-regular.13a.delayed]
[www.kingspec.com.cn/styles/bootstrap.min.css]
[www.kingspec.com.cn/styles/demo.css]
[www.kingspec.com.cn/styles/fakeloader.css]
[www.kingspec.com.cn/styles/animate.css]
[www.kingspec.com.cn/imageRepository/fb62c572-4402-44f1-8842-f1d85bf65c46.jpg]
[www.kingspec.com.cn/publicScripts/components/index35bc.html]
[www.kingspec.com.cn/buy/&i=19&comContentId=19.html]
[www.kingspec.com.cn/buy/i=19&comContentId=19.html]
[www.kingspec.com.cn/news_list/newsCategoryId=4.html]
[www.kingspec.com.cn/publicScripts/components/index3ff8.html]
[www.kingspec.com.cn/images/common/oper-noinfo.gif]
[www.kingspec.com.cn/news_list/columnsId=88&&newsCategoryId=15.html]
[www.kingspec.com.cn/publicScripts/components/index6686.html]
[www.kingspec.com.cn/service/i=14&comContentId=14.html]
[www.kingspec.com.cn/service/i=13&comContentId=13.html]
[www.kingspec.com.cn/service/i=12&comContentId=12.html]
[www.kingspec.com.cn/service/i=10&comContentId=10.html]
[www.kingspec.com.cn/FrontMessages0196.html]
[www.kingspec.com.cn/verifyCoded41d.png]
[www.kingspec.com.cn/message1.html]
[www.kingspec.com.cn/index-2.html]
[www.kingspec.com.cn/publicScripts/components/index53ce.html]
[www.kingspec.com.cn/products_list/pmcId=30.html]
[www.kingspec.com.cn/products_list/pmcId=52.html]
[www.kingspec.com.cn/products_list/pmcId=53.html]
[www.kingspec.com.cn/products_list/pmcId=54.html]
[www.kingspec.com.cn/products_list/pmcId=31.html]
[www.kingspec.com.cn/products_list/pmcId=32.html]
[www.kingspec.com.cn/products_list/pmcId=33.html]
[www.kingspec.com.cn/products_list/pmcId=34.html]
[www.kingspec.com.cn/products_list/pmcId=35.html]
[www.kingspec.com.cn/products_list/pmcId=36.html]
[www.kingspec.com.cn/products_list/pmcId=37.html]
[www.kingspec.com.cn/products_list/pmcId=72.html]
[www.kingspec.com.cn/products_list/pmcId=42.html]
[www.kingspec.com.cn/products_list/pmcId=43.html]
[www.kingspec.com.cn/products_list/pmcId=44.html]
[www.kingspec.com.cn/products_list/pmcId=56.html]
[www.kingspec.com.cn/products_list/pmcId=45.html]
[www.kingspec.com.cn/products_list/pmcId=46.html]
[www.kingspec.com.cn/products_list/pmcId=47.html]
[www.kingspec.com.cn/products_list/pmcId=48.html]
[www.kingspec.com.cn/products_list/pmcId=50.html]
[www.kingspec.com.cn/products_list/pmcId=57.html]
[www.kingspec.com.cn/products_list/pmcId=61.html]
[www.kingspec.com.cn/products_list/pmcId=62.html]
[www.kingspec.com.cn/products_list/pmcId=63.html]
[www.kingspec.com.cn/products_list/pmcId=64.html]
[www.kingspec.com.cn/products_list/pmcId=65.html]
[www.kingspec.com.cn/products_list/pmcId=66.html]
[www.kingspec.com.cn/products_list/pmcId=67.html]
[www.kingspec.com.cn/products_list/pmcId=68.html]
[www.kingspec.com.cn/products_list/pmcId=69.html]
[www.kingspec.com.cn/products_list/pmcId=70.html]
[www.kingspec.com.cn/products_list/pmcId=71.html]
[www.kingspec.com.cn/products_list/pmcId=15.html]
[www.kingspec.com.cn/products_detail/productId=25.html]
[www.kingspec.com.cn/imageRepository/da76b5c2-141e-4dca-a914-c732da406e35.jpg]
[www.kingspec.com.cn/products_detail/productId=67.html]
[www.kingspec.com.cn/imageRepository/01d203ea-2635-4abd-a604-35dfa9ff6d4c.jpg]
[www.kingspec.com.cn/products_detail/productId=27.html]
[www.kingspec.com.cn/imageRepository/6f2a1e78-3655-49f8-80af-cef7d44e37c1.jpg]
[www.kingspec.com.cn/products_detail/productId=29.html]
[www.kingspec.com.cn/imageRepository/225e0643-8e35-46ed-a6ba-10cb3dbe0f55.jpg]
[www.kingspec.com.cn/products_detail/productId=52.html]
[www.kingspec.com.cn/imageRepository/ec2d77d9-1062-470c-b8fb-4b51fe02933e.jpg]
[www.kingspec.com.cn/products_detail/productId=51.html]
[www.kingspec.com.cn/imageRepository/e9905807-7acb-4752-b56c-af79b5548781.jpg]
[www.kingspec.com.cn/products_detail/productId=30.html]
[www.kingspec.com.cn/imageRepository/7b048d42-3a26-4c1e-bd6d-fa15d4b70fda.jpg]
[www.kingspec.com.cn/products_list/pmcId=21.html]
[www.kingspec.com.cn/imageRepository/41575492-e4eb-49d6-9e37-f3ebbe78a226.jpg]
[www.kingspec.com.cn/imageRepository/b905595b-8394-4b63-91a3-f69228ce2e54.jpg]
[www.kingspec.com.cn/imageRepository/9445a3e2-4241-4278-9c47-4cab96ce2178.jpg]
[www.kingspec.com.cn/imageRepository/8a275267-5cf9-4ba7-8f0b-416ab79f7473.jpg]
[www.kingspec.com.cn/news_detail/newsId=5.html]
[www.kingspec.com.cn/imageRepository/e939cc18-310d-4b52-9b6c-61738177542c.png]
[www.kingspec.com.cn/.17f.delayed]
[www.kingspec.com.cn/news_list/newsCategoryId=5.html]
[www.kingspec.com.cn/about/i=4&comContentId=4.html]
[www.kingspec.com.cn/imageRepository/64fcf7f5-d8ba-4102-888a-24cf76549633.jpg]
[www.kingspec.com.cn/about/i=2&comContentId=2.html]
[www.kingspec.com.cn/publicScripts/common/ebiz-tabs.js]
[www.kingspec.com.cn/publicScripts/components/index45bd.html]
[www.kingspec.com.cn/buy.html]
[jsking.ztouch-make-hn-16222.shushang-z.cn/imageRepository/68e96e25-60fb-47b2-8a37-ec6ae670fe72.jpg]
[www.kingspec.com.cn/imageRepository/30a72f2d-bfbd-47b2-a789-0629db4698d5.jpg]
[www.kingspec.com.cn/imageRepository/6ecde839-3974-4cb6-9841-e7d1d6fb107e.jpg]
[www.kingspec.com.cn/imageRepository/181737ea-436d-4243-9b0b-d97711386be3.jpg]
[www.kingspec.com.cn/imageRepository/89cf1120-de10-4d8a-88b0-2d05512bfbd0.jpg]
[www.kingspec.com.cn/imageRepository/4d1a7ed6-d943-4718-8bfb-049371f0b350.jpg]
[www.kingspec.com.cn/imageRepository/15bf5fba-3de3-4ec6-a3d6-03d6e94a6251.jpg]
[www.kingspec.com.cn/imageRepository/f524f4b4-3653-4628-bd35-8ca0a038e8e6.jpg]
[jsking.ztouch-make-hn-16222.shushang-z.cn/imageRepository/f524f4b4-3653-4628-bd35-8ca0a038e8e6.jpg]
[www.kingspec.com.cn/imageRepository/72266de9-b42f-4c3a-9d28-2494bef206b9.jpg]
[www.kingspec.com.cn/imageRepository/4a12f7bb-00f5-4559-a70e-808a5f0523a7.jpg]
[www.kingspec.com.cn/imageRepository/b852c2df-4dfa-45e1-98ab-8a65702b781c.jpg]
[www.kingspec.com.cn/purchase.html]
[www.kingspec.com.cn/publicScripts/components/index18eb.html]
[www.kingspec.com.cn/members_findpassword.html]
[www.kingspec.com.cn/members_login/columnsId=90.html]
[www.kingspec.com.cn/products_list/pmcId=22.html]
[www.kingspec.com.cn/members_register.html]
[www.kingspec.com.cn/products_detail/productId=31.html]
[www.kingspec.com.cn/imageRepository/9c1a68fd-0824-4975-9fd8-5770ca79fe16.jpg]
[www.kingspec.com.cn/products_detail/productId=28.html]
[www.kingspec.com.cn/imageRepository/a2ee063e-c2b0-4c15-85ca-f2704ee74a48.jpg]
[www.kingspec.com.cn/products_list/pmcId=23.html]
[www.kingspec.com.cn/products_detail/productId=60.html]
[www.kingspec.com.cn/imageRepository/3b0751b1-5671-4d17-bdf8-ea873cd8d7e9.jpg]
[www.kingspec.com.cn/products_detail/productId=50.html]
[www.kingspec.com.cn/products_detail/productId=62.html]
[www.kingspec.com.cn/imageRepository/224541c9-8c90-4876-b779-1d377314602c.jpg]
[www.kingspec.com.cn/products_detail/productId=61.html]
[www.kingspec.com.cn/imageRepository/f93f9bb7-0a30-4812-bb21-e7ee4353a387.jpg]
[www.kingspec.com.cn/products_list/pmcId=24.html]
[www.kingspec.com.cn/products_detail/productId=49.html]
[www.kingspec.com.cn/products_detail/productId=34.html]
[www.kingspec.com.cn/imageRepository/5a2ab734-a28e-41bf-b9dc-6daa0243b22e.jpg]
[www.kingspec.com.cn/products_detail/productId=33.html]
[www.kingspec.com.cn/imageRepository/7ea40ed0-a979-4fd1-bddd-5852e5275bc9.jpg]
[www.kingspec.com.cn/products_detail/productId=38.html]
[www.kingspec.com.cn/imageRepository/a6c353d8-ce7c-4538-9608-c42ad57e8d8a.jpg]
[www.kingspec.com.cn/products_detail/productId=63.html]
[www.kingspec.com.cn/imageRepository/3feba5ca-29a6-4aa5-bde6-6b369efd20cd.jpg]
[www.kingspec.com.cn/products_detail/productId=36.html]
[www.kingspec.com.cn/imageRepository/d6bfe89a-99e4-4fd4-8b31-0f2231c5fbb1.jpg]
[www.kingspec.com.cn/products_detail/productId=35.html]
[www.kingspec.com.cn/imageRepository/87412f33-58d5-4ecc-a2ae-272c44ec6a11.jpg]
[www.kingspec.com.cn/products_detail/productId=37.html]
[www.kingspec.com.cn/imageRepository/39d00b4b-5576-461c-ada4-2cab056d03b9.jpg]
[www.kingspec.com.cn/products_detail/productId=42.html]
[www.kingspec.com.cn/imageRepository/e84a0a18-720b-4a40-bd63-a69330a600d8.jpg]
[www.kingspec.com.cn/products_detail/productId=41.html]
[www.kingspec.com.cn/imageRepository/72050089-d6ff-481c-8ce6-ae8d45053024.jpg]
[www.kingspec.com.cn/products_detail/productId=40.html]
[www.kingspec.com.cn/imageRepository/1eb770b9-2d53-4630-842d-6042ee30618c.jpg]
[www.kingspec.com.cn/products_detail/productId=39.html]
[www.kingspec.com.cn/imageRepository/9d20c400-cbfd-46c5-a198-6de8fa5e8d78.jpg]
[www.kingspec.com.cn/products_list/pmcId=25.html]
[www.kingspec.com.cn/products_detail/productId=58.html]
[www.kingspec.com.cn/imageRepository/3ebc622f-938f-4b65-92c3-e51cb8e68db4.jpg]
[www.kingspec.com.cn/products_detail/productId=59.html]
[www.kingspec.com.cn/imageRepository/283aec7c-0efa-4ab2-b75c-8e4d9a8ae8e3.jpg]
[www.kingspec.com.cn/products_detail/productId=44.html]
[www.kingspec.com.cn/imageRepository/7672fba4-3f9f-47e7-bb91-5fbb173ef3d7.jpg]
[www.kingspec.com.cn/products_list/pmcId=28.html]
[www.kingspec.com.cn/products_detail/productId=66.html]
[www.kingspec.com.cn/imageRepository/5d0e33d1-a34a-42d5-8e44-f6b747b9998b.jpg]
[www.kingspec.com.cn/products_list/pmcId=29.html]
[www.kingspec.com.cn/products_detail/productId=68.html]
[www.kingspec.com.cn/imageRepository/e14bb879-9bd8-4162-bcdd-c2c1d4f47906.jpg]
[www.kingspec.com.cn/products_detail/productId=69.html]
[www.kingspec.com.cn/imageRepository/15ee0850-3dce-41d7-852f-1da1e4fa7f6e.jpg]
[www.kingspec.com.cn/products_list/columnsId=91&pmcId=57.html]
[www.kingspec.com.cn/products_detail/productId=45.html]
[www.kingspec.com.cn/imageRepository/5158df87-c018-448a-8ea4-7d8ef9ccf122.jpg]
[www.kingspec.com.cn/products_detail/productId=46.html]
[www.kingspec.com.cn/imageRepository/623ffb85-8006-42f9-9ff7-d04562bc55bd.jpg]
[www.kingspec.com.cn/products_list/pmcId=58.html]
[www.kingspec.com.cn/products_detail/productId=32.html]
[www.kingspec.com.cn/imageRepository/1b9faf3d-36cd-450a-ad24-bce30205d4b1.jpg]
[www.kingspec.com.cn/products_list/pmcId=59.html]
[www.kingspec.com.cn/products_detail/productId=47.html]
[www.kingspec.com.cn/products_detail/productId=48.html]
[www.kingspec.com.cn/imageRepository/d3a51b11-870a-4dcd-916b-4a9c5f3eafc3.jpg]
[www.kingspec.com.cn/products_list/pmcId=60.html]
[www.kingspec.com.cn/message.html]
[www.kingspec.com.cn/faq/newsCategoryId=12.html]
[www.kingspec.com.cn/faq/newsCategoryId=13.html]
[www.kingspec.com.cn/faq/newsCategoryId=10.html]
[www.kingspec.com.cn/faq_detail/newsId=18.html]
[www.kingspec.com.cn/faq_detail/newsId=12.html]
[www.kingspec.com.cn/faq/newsCategoryId=11.html]
[www.kingspec.com.cn/faq_detail/newsId=11.html]
[www.kingspec.com.cn/Sale.html]
[www.kingspec.com.cn/publicScripts/components/index395d.html]
[www.kingspec.com.cn/download.html]
[www.kingspec.com.cn/members_login.html]
[www.kingspec.com.cn/imageRepository/ceaaff0f-b143-4949-a745-5b979b48690d.png]
[www.kingspec.com.cn/news_list/newsCategoryId=6.html]
[www.kingspec.com.cn/news_list/newsCategoryId=7.html]
[www.kingspec.com.cn/news_list/newsCategoryId=8.html]
[www.kingspec.com.cn/news_list/newsCategoryId=15.html]
[www.kingspec.com.cn/imageRepository/b7b238a5-a9da-4e76-8a1b-c3fc6cf191c2.jpg]
[www.kingspec.com.cn/about/i=9&comContentId=9.html]
[www.kingspec.com.cn/imageRepository/aa4ef207-755f-4508-b661-8c1b6b68795f.png]
[www.kingspec.com.cn/about/i=8&comContentId=8.html]
[www.kingspec.com.cn/about/i=7&comContentId=7.html]
[www.kingspec.com.cn/images/x1.jpg]
[www.kingspec.com.cn/images/x2.jpg]
[www.kingspec.com.cn/images/x3.jpg]
[www.kingspec.com.cn/images/x4.jpg]
[www.kingspec.com.cn/about/i=6&comContentId=6.html]
[www.kingspec.com.cn/imageRepository/dbc6207e-e4b8-4670-a390-c1b9c8fe8674.png]
[www.kingspec.com.cn/about/i=5&comContentId=5.html]
[www.kingspec.com.cn/images/lightbox.1e3.delayed]
[www.kingspec.com.cn/publicScripts/components/index66d5.html]
[www.kingspec.com.cn/images/jquery.lightbox.min.1e4.delayed]
[www.kingspec.com.cn/video_detail/newsId=7.html]
[www.kingspec.com.cn/imageRepository/b286e88c-d8a2-4c9f-b8e8-a9b46b453355.jpg]
[www.kingspec.com.cn/video_detail/newsId=6.html]
[www.kingspec.com.cn/imageRepository/98cd440e-aa82-424e-898a-9304d8aed394.jpg]
[www.kingspec.com.cn/video.html]
[www.kingspec.com.cn/imageRepository/w1.png]
[www.kingspec.com.cn/imageRepository/w3.png]
[www.kingspec.com.cn/imageRepository/w4.png]
[www.kingspec.com.cn/imageRepository/w5.png]
[www.kingspec.com.cn/imageRepository/b435c6c5-21d2-49a8-b90c-e552933c0254.png]
[www.kingspec.com.cn/imageRepository/bde90c3e-920f-426d-b035-bec68b302b7d.jpg]
[www.kingspec.com.cn/buy/i=18&comContentId=18.html]
[www.kingspec.com.cn/xs_detail/newsId=26.html]
[www.kingspec.com.cn/imageRepository/e1077054-8c40-43f4-a343-7ce154bb523a.jpg]
[www.kingspec.com.cn/xs_detail/newsId=25.html]
[www.kingspec.com.cn/imageRepository/d236fc9d-8186-4841-9f78-60bea5b3020c.jpg]
[www.kingspec.com.cn/xs_detail/newsId=24.html]
[www.kingspec.com.cn/imageRepository/ced7553c-9023-4d81-8789-4497558c682d.jpg]
[www.kingspec.com.cn/xs_detail/newsId=23.html]
[www.kingspec.com.cn/imageRepository/48e00fc7-f90c-44b9-95f0-9be3f2fdce4a.jpg]
[www.kingspec.com.cn/xs_detail/newsId=22.html]
[www.kingspec.com.cn/imageRepository/22b65306-40e7-4ee1-8841-0028f6629f03.jpg]
[www.kingspec.com.cn/xs_list.html]
[www.kingspec.com.cn/buy/i=3&comContentId=3.html]
[www.kingspec.com.cn/products_detail/productId=56.html]
[www.kingspec.com.cn/imageRepository/55e95e84-6b93-4315-9c8b-14517fccd57c.jpg]
[www.kingspec.com.cn/products_detail/productId=55.html]
[www.kingspec.com.cn/products_detail/productId=54.html]
[www.kingspec.com.cn/imageRepository/14ac86da-49a4-4315-8ec8-19b6b3c9b2bc.jpg]
[www.kingspec.com.cn/products_detail/productId=53.html]
[www.kingspec.com.cn/imageRepository/459f5ddd-f1f8-4f04-8751-ab616ce65be5.jpg]
[www.kingspec.com.cn/products_detail/productId=65.html]
[www.kingspec.com.cn/imageRepository/256ec336-19ff-4618-b864-5c1f1d624518.jpg]
[www.kingspec.com.cn/products_detail/productId=64.html]
[www.kingspec.com.cn/imageRepository/61f2b318-b1df-4b92-a31d-e2014ea1576a.jpg]
[www.kingspec.com.cn/products_list.html]
[www.kingspec.com.cn/imageRepository/e10ce632-247b-4364-9520-93ccd7117fdc.jpg]
[www.kingspec.com.cn/publicScripts/components/index04c7.html]
[www.kingspec.com.cn/imageRepository/d62af197-691a-4e6f-9820-f800295db5a1.png]
[www.kingspec.com.cn/imageRepository/c99b34cc-8912-4abb-a6c6-4bf2300c2853.png]
[www.kingspec.com.cn/imageRepository/47c42712-e6d9-4b5a-9f82-54a3bb9a7418.png]
[www.kingspec.com.cn/imageRepository/8abbe576-2948-419c-97dc-6b15c318807c.png]
[www.kingspec.com.cn/imageRepository/0051016b-681f-4ddc-8e46-5695a8f1e8eb.png]
[www.kingspec.com.cn/imageRepository/e3703573-047a-4dd0-b131-2b5426c706c7.png]
[www.kingspec.com.cn/products_list/pmcId=23.html_/index.html]
[www.kingspec.com.cn/imageRepository/75e0de74-a1b4-439f-971c-deb48603a978.png]
[www.kingspec.com.cn/imageRepository/031184be-fb79-4c0f-8b24-b38fd0b66872.png]
[www.kingspec.com.cn/imageRepository/0e498775-86eb-45f8-bce5-da966f2335a7.png]
[www.kingspec.com.cn/imageRepository/0d012dd8-1c81-439c-9ad9-e29aa9359afc.png]
[www.kingspec.com.cn/imageRepository/d802e3e5-4ee2-47cb-8d46-60e2c334d37c.png]
[www.kingspec.com.cn/imageRepository/42ce2675-450e-4ed7-855f-5452d29c0fda.png]
[www.kingspec.com.cn/news_detail/newsId=31.html]
[www.kingspec.com.cn/news_detail/newsId=30.html]
[www.kingspec.com.cn/news_detail/newsId=29.html]
[www.kingspec.com.cn/imageRepository/c3f33936-a408-48ed-8607-41ed2ead5156.jpg]
[www.kingspec.com.cn/imageRepository/b05ad5b3-512e-44ce-8db2-e81cf7ff12d2.jpg]
[www.kingspec.com.cn/imageRepository/b653b1a6-5b87-437f-81ad-508b71c75635.jpg]
[www.kingspec.com.cn/news_detail/newsId=28.html]
[www.kingspec.com.cn/imageRepository/f9da6cc4-974e-4375-9c7d-a3218c0011d7.jpg]
[www.kingspec.com.cn/imageRepository/c1c2f75f-3ac5-4f70-a872-12f374c4f98b.jpg]
[www.kingspec.com.cn/imageRepository/9c34c76a-88bc-4286-8aa1-19d58ad37b80.jpg]
[www.kingspec.com.cn/news_detail/newsId=27.html]
[www.kingspec.com.cn/news_list/newsCategoryId=14.html]
[www.kingspec.com.cn/imageRepository/fc38e118-6e27-4430-886e-c33b60320c56.jpg]
[jsking.ztouch-make-hn-16222.shushang-z.cn/imageRepository/74d49a49-ac8e-427e-849c-5b76a59f3dc4.jpg]
[www.kingspec.com.cn/imageRepository/10912980-bd19-4391-827d-2078f9075b45.jpg]
[www.kingspec.com.cn/imageRepository/28e7d60b-b013-48d3-9fa6-9cf4b958eb38.jpg]
[www.kingspec.com.cn/news_detail/newsId=26.html]
[www.kingspec.com.cn/imageRepository/21160694-f407-4d9b-b6c0-d651d19f41e1.jpg]
[www.kingspec.com.cn/imageRepository/764d350d-b962-4e15-b0c9-5b70fdcc7055.jpg]
[www.kingspec.com.cn/imageRepository/a041539d-df8d-4cd6-8004-87b18b085924.jpg]
[www.kingspec.com.cn/imageRepository/426a0030-448c-4fa2-ad15-9764d4f5e7e8.jpg]
[www.kingspec.com.cn/news_detail/newsId=25.html]
[www.kingspec.com.cn/imageRepository/9c958ffa-21c7-4dd1-83ef-874486429435.jpg]
[www.kingspec.com.cn/imageRepository/f014d75a-f23f-4863-9442-80629f8041ce.jpg]
[www.kingspec.com.cn/imageRepository/d1985bf7-0f8b-46dc-91ea-936a1e4c42e6.jpg]
[www.kingspec.com.cn/news_detail/newsId=24.html]
[www.kingspec.com.cn/imageRepository/d67a94c4-1572-4ff0-8294-02aa3c37e3bc.jpg]
[www.kingspec.com.cn/imageRepository/bab36e69-9ec5-47db-9d76-8128d85fd62f.jpg]
[www.kingspec.com.cn/imageRepository/b85b6f16-3742-4a48-bc1f-ca4d333c3c21.jpg]
[www.kingspec.com.cn/imageRepository/18478a81-a692-4fef-b1f9-c30c10dae477.jpg]
[www.kingspec.com.cn/news_detail/newsId=23.html]
[www.kingspec.com.cn/imageRepository/e4eac842-8f25-40b3-bd6b-9d90cfadae2f.jpg]
[www.kingspec.com.cn/imageRepository/00c16b78-5fb0-4704-93e3-0da08b53a858.jpg]
[www.kingspec.com.cn/imageRepository/f682d20b-c19b-43d5-b205-c70397c48d1c.jpg]
[www.kingspec.com.cn/imageRepository/1e13f249-020d-470c-b1b4-6a00b1593783.jpg]
[www.kingspec.com.cn/news_detail/newsId=22.html]
[www.kingspec.com.cn/products_list/&pmcId=30.html]
[www.kingspec.com.cn/products_list/&pmcId=45.html]
[www.kingspec.com.cn/products_list/&pmcId=31.html]
[www.kingspec.com.cn/products_list/&pmcId=51.html]
[www.kingspec.com.cn/zt.22d.delayed]
[www.kingspec.com.cn/publicScripts/components/indexcd89.html]
[www.kingspec.com.cn/images/z1.jpg]
[www.kingspec.com.cn/zt.html]
[www.kingspec.com.cn/products_list/&pmcId=32.html]
[www.kingspec.com.cn/products_list/&pmcId=33.html]
[www.kingspec.com.cn/products_list/&pmcId=34.html]
[www.kingspec.com.cn/products_list/&pmcId=35.html]
[www.kingspec.com.cn/products_list/&pmcId=36.html]
[www.kingspec.com.cn/products_list/&pmcId=37.html]
[www.kingspec.com.cn/products_list/&pmcId=38.html]
[www.kingspec.com.cn/products_list/&pmcId=39.html]
[www.kingspec.com.cn/products_list/&pmcId=41.html]
[www.kingspec.com.cn/products_list/&pmcId=42.html]
[www.kingspec.com.cn/products_list/&pmcId=43.html]
[www.kingspec.com.cn/products_list/&pmcId=44.html]
[www.kingspec.com.cn/products_list/&pmcId=46.html]
[www.kingspec.com.cn/products_list/&pmcId=47.html]
[www.kingspec.com.cn/products_list/&pmcId=48.html]
[www.kingspec.com.cn/products_list/&pmcId=49.html]
[www.kingspec.com.cn/products_list/&pmcId=50.html]
[www.kingspec.com.cn/faq/&newsCategoryId=11.html]
[www.kingspec.com.cn/news_list/&newsCategoryId=5.html]
[www.kingspec.com.cn/news_list/&newsCategoryId=6.html]
[www.kingspec.com.cn/news_list/&newsCategoryId=7.html]
[www.kingspec.com.cn/news_list/&newsCategoryId=8.html]
[www.kingspec.com.cn/news_list/&newsCategoryId=15.html]
[www.kingspec.com.cn/about/&i=2&comContentId=2.html]
[www.kingspec.com.cn/about/&i=9&comContentId=9.html]
[www.kingspec.com.cn/about/&i=8&comContentId=8.html]
[www.kingspec.com.cn/about/&i=7&comContentId=7.html]
[www.kingspec.com.cn/about/&i=6&comContentId=6.html]
[www.kingspec.com.cn/about/&i=5&comContentId=5.html]
[szcert.ebs.org.cn/Images/govIcon.gif]
[szcert.ebs.org.cn/Images/newGovIcon.gif]
[szcert.ebs.org.cn/govicona297.js]
[www.kingspec.com.cn/buy/&i=3&comContentId=3.html]
[www.kingspec.com.cn/js/jquery.min.html]
[www.kingspec.com.cn/js/fakeloader.min.html]
[www.kingspec.com.cn/images/cjq/top.html]
[www.kingspec.com.cn/images/cjq/s02.html]
[www.kingspec.com.cn/images/common/widgets/ui-bg_flat_0_aaaaaa_40x100.html]
[www.kingspec.com.cn/images/cjq/ny03.html]
[www.kingspec.com.cn/images/cjq/prev.html]
[www.kingspec.com.cn/images/cjq/next.html]
[www.kingspec.com.cn/images/cjq/e2.html]
[www.kingspec.com.cn/images/cjq/e1.html]
[www.kingspec.com.cn/images/cjq/nav_line.html]
[www.kingspec.com.cn/images/cjq/xl.html]
[www.kingspec.com.cn/images/cjq/bg.html]
[www.kingspec.com.cn/images/cjq/p_bg.html]
[www.kingspec.com.cn/images/cjq/next-2.html]
[www.kingspec.com.cn/images/cjq/prev-2.html]
[www.kingspec.com.cn/images/cjq/icon.html]
[www.kingspec.com.cn/images/pr_bg2.html]
[www.kingspec.com.cn/images/cjq/next1.html]
[www.kingspec.com.cn/images/cjq/prev1.html]
[www.kingspec.com.cn/images/cjq/news_icon.html]
[www.kingspec.com.cn/images/cjq/news_icon-2.html]
[www.kingspec.com.cn/images/cjq/tab.html]
[www.kingspec.com.cn/images/cjq/01.html]
[www.kingspec.com.cn/images/cjq/nav2.html]
[www.kingspec.com.cn/images/cjq/nav_bg.html]
[www.kingspec.com.cn/images/cjq/line2.html]
[www.kingspec.com.cn/images/cjq/c1.html]
[www.kingspec.com.cn/images/cjq/c2.html]
[www.kingspec.com.cn/images/cjq/c3.html]
[www.kingspec.com.cn/images/cjq/c4.html]
[www.kingspec.com.cn/images/cjq/c5.html]
[www.kingspec.com.cn/images/cjq/c11.html]
[www.kingspec.com.cn/images/cjq/c22.html]
[www.kingspec.com.cn/images/cjq/c33.html]
[www.kingspec.com.cn/images/cjq/c44.html]
[www.kingspec.com.cn/images/cjq/c55.html]
[www.kingspec.com.cn/images/cjq/ico9.html]
[www.kingspec.com.cn/images/cjq/ico10.html]
[www.kingspec.com.cn/images/cjq/ico11.html]
[www.kingspec.com.cn/images/cjq/cp_t.html]
[www.kingspec.com.cn/images/cjq/ny02.html]
[www.kingspec.com.cn/images/cjq/ny_bt_bg.html]
[www.kingspec.com.cn/images/clock.html]
[www.kingspec.com.cn/fonts/glyphicons-halflings-regular.html]
[www.kingspec.com.cn/fonts/glyphicons-halflings-regulard41d.html]
[www.kingspec.com.cn/fonts/glyphicons-halflings-regular-2.html]
[www.kingspec.com.cn/fonts/glyphicons-halflings-regular-3.html]
[www.kingspec.com.cn/fonts/glyphicons-halflings-regular-4.html]
[www.kingspec.com.cn/images/img/y2.png]
[www.kingspec.com.cn/images/cjq/c_a2.231.delayed]
[www.kingspec.com.cn/images/cjq/c_a.232.delayed]
[www.kingspec.com.cn/images/cjq/bt.233.delayed]
[www.kingspec.com.cn/images/comcontent/first-bg-01.gif]
[www.kingspec.com.cn/images/comcontent/second-bg-01.gif]
[www.kingspec.com.cn/images/cjq/mbx.236.delayed]
[www.kingspec.com.cn/styles/page_buy.min9eae.css]
[www.kingspec.com.cn/buy/i=19&comContentId=19.html]
[www.kingspec.com.cn/imageRepository/fb62c572-4402-44f1-8842-f1d85bf65c46.jpg]
[www.kingspec.com.cn/images/products/second-bg-02.gif]
[www.kingspec.com.cn/images/cjq/c_icon11.238.delayed]
[www.kingspec.com.cn/images/cjq/c_icon2.239.delayed]
[www.kingspec.com.cn/images/cjq/c_icon.23a.delayed]
[www.kingspec.com.cn/images/cjq/c_icon3.23b.delayed]
[www.kingspec.com.cn/images/cjq/c_icon1.23c.delayed]
[www.kingspec.com.cn/images/img/b_icon.png]
[www.kingspec.com.cn/images/products/ico03.gif]
[www.kingspec.com.cn/images/news/second-bg-02.gif]
[www.kingspec.com.cn/images/news/news-number.gif]
[www.kingspec.com.cn/images/news/news-comment.gif]
[www.kingspec.com.cn/images/news/news-survey.gif]
[www.kingspec.com.cn/images/news/news-recommend.gif]
[www.kingspec.com.cn/styles/page_news_list.min9eae.css]
[www.kingspec.com.cn/news_list/newsCategoryId=4.html]
[www.kingspec.com.cn/styles/page_message1.min9eae.css]
[www.kingspec.com.cn/service/i=14&comContentId=14.html]
[www.kingspec.com.cn/service/i=13&comContentId=13.html]
[www.kingspec.com.cn/service/i=12&comContentId=12.html]
[www.kingspec.com.cn/service/i=10&comContentId=10.html]
[www.kingspec.com.cn/FrontMessages0196.html]
[www.kingspec.com.cn/images/products/btn-blue1-14.gif]
[www.kingspec.com.cn/images/img/cpfltitle.jpg]
[www.kingspec.com.cn/images/common/button/btna-blue1-10.gif]
[www.kingspec.com.cn/images/common/button/btna-blue1-11.gif]
[www.kingspec.com.cn/images/products/btn-blue1-17.gif]
[www.kingspec.com.cn/images/products/btn-blue1-18.gif]
[www.kingspec.com.cn/styles/page_products_list.min9eae.css]
[www.kingspec.com.cn/products_list/pmcId=30.html]
[www.kingspec.com.cn/products_list/pmcId=52.html]
[www.kingspec.com.cn/products_list/pmcId=53.html]
[www.kingspec.com.cn/products_list/pmcId=54.html]
[www.kingspec.com.cn/products_list/pmcId=31.html]
[www.kingspec.com.cn/products_list/pmcId=32.html]
[www.kingspec.com.cn/products_list/pmcId=33.html]
[www.kingspec.com.cn/products_list/pmcId=34.html]
[www.kingspec.com.cn/products_list/pmcId=35.html]
[www.kingspec.com.cn/products_list/pmcId=36.html]
[www.kingspec.com.cn/products_list/pmcId=37.html]
[www.kingspec.com.cn/products_list/pmcId=72.html]
[www.kingspec.com.cn/products_list/pmcId=42.html]
[www.kingspec.com.cn/products_list/pmcId=43.html]
[www.kingspec.com.cn/products_list/pmcId=44.html]
[www.kingspec.com.cn/products_list/pmcId=56.html]
[www.kingspec.com.cn/products_list/pmcId=45.html]
[www.kingspec.com.cn/products_list/pmcId=46.html]
[www.kingspec.com.cn/products_list/pmcId=47.html]
[www.kingspec.com.cn/products_list/pmcId=48.html]
[www.kingspec.com.cn/products_list/pmcId=50.html]
[www.kingspec.com.cn/products_list/pmcId=57.html]
[www.kingspec.com.cn/products_list/pmcId=61.html]
[www.kingspec.com.cn/products_list/pmcId=62.html]
[www.kingspec.com.cn/products_list/pmcId=63.html]
[www.kingspec.com.cn/products_list/pmcId=64.html]
[www.kingspec.com.cn/products_list/pmcId=65.html]
[www.kingspec.com.cn/products_list/pmcId=66.html]
[www.kingspec.com.cn/products_list/pmcId=67.html]
[www.kingspec.com.cn/products_list/pmcId=68.html]
[www.kingspec.com.cn/products_list/pmcId=69.html]
[www.kingspec.com.cn/products_list/pmcId=70.html]
[www.kingspec.com.cn/products_list/pmcId=71.html]
[www.kingspec.com.cn/products_list/pmcId=15.html]
[www.kingspec.com.cn/publicScripts/products/FrontProducts.js]
[www.kingspec.com.cn/publicScripts/components/indexd604.html]
[www.kingspec.com.cn/widgets/jquery-plugin/jquery.metadata.js]
[www.kingspec.com.cn/images/products/next-no.gif]
[www.kingspec.com.cn/images/products/next-current.gif]
[www.kingspec.com.cn/images/products/pre-no.gif]
[www.kingspec.com.cn/images/products/pre-current.gif]
[www.kingspec.com.cn/imageRepository/15d23346-7363-4747-a2f0-f5c98a99b266.jpg]
[www.kingspec.com.cn/images/common/noimage.jpg]
[www.kingspec.com.cn/order_oos_book.254.delayed]
[www.kingspec.com.cn/panorama/panoramaid=25.255.delayed]
[www.kingspec.com.cn/products_detail/productId=25.html]
[www.kingspec.com.cn/imageRepository/7174957e-fe1b-4c3c-adc5-67f7be00ced8.jpg]
[www.kingspec.com.cn/panorama/panoramaid=67.257.delayed]
[www.kingspec.com.cn/products_detail/productId=67.html]
[www.kingspec.com.cn/imageRepository/b0d056b6-2a1d-4485-a936-4fc8df9ce1e0.jpg]
[www.kingspec.com.cn/panorama/panoramaid=27.259.delayed]
[www.kingspec.com.cn/products_detail/productId=27.html]
[www.kingspec.com.cn/imageRepository/32577a88-0709-43cf-aa61-a2885e63ef79.jpg]
[www.kingspec.com.cn/imageRepository/930c0fbb-4921-4883-9598-7278a85ae2c4.jpg]
[www.kingspec.com.cn/panorama/panoramaid=29.25c.delayed]
[www.kingspec.com.cn/products_detail/productId=29.html]
[www.kingspec.com.cn/imageRepository/75fd371e-20f5-4ea0-8e8e-ca16a8a6f37b.jpg]
[www.kingspec.com.cn/imageRepository/5f0061b8-0135-4e7a-bc40-5c16768d7e41.jpg]
[www.kingspec.com.cn/imageRepository/bade1eeb-d9d4-471b-946b-244cb69266cf.jpg]
[www.kingspec.com.cn/imageRepository/7d2a9885-9eee-47c0-af2c-0720245dc3aa.jpg]
[www.kingspec.com.cn/imageRepository/e836f5d6-2ce0-4082-9070-eb21ece7435c.jpg]
[www.kingspec.com.cn/imageRepository/aa26e091-e0a7-4597-bdcf-df052ca16711.jpg]
[www.kingspec.com.cn/imageRepository/c4fb9d3c-44a5-45db-a2ca-dc3930a6a73b.jpg]
[www.kingspec.com.cn/panorama/panoramaid=52.264.delayed]
[www.kingspec.com.cn/products_detail/productId=52.html]
[www.kingspec.com.cn/imageRepository/53ac2828-e230-4898-86bf-136898ac8e5f.jpg]
[www.kingspec.com.cn/imageRepository/cf66ab59-e1cb-443b-8df8-394782640ef2.jpg]
[www.kingspec.com.cn/imageRepository/ce5193cd-2d27-444f-b46d-5a74587a33a7.jpg]
[www.kingspec.com.cn/imageRepository/16f272af-7989-4e0f-9e52-edd2c0bc63ca.jpg]
[www.kingspec.com.cn/imageRepository/1f007847-c9ad-43fa-a44e-25a8302e876c.jpg]
[www.kingspec.com.cn/imageRepository/a5838ac6-fd5e-4892-ae42-020f6ee9e011.jpg]
[www.kingspec.com.cn/imageRepository/1ff2a7de-8440-4e9d-ba12-7e165fac7a22.jpg]
[www.kingspec.com.cn/panorama/panoramaid=51.26c.delayed]
[www.kingspec.com.cn/products_detail/productId=51.html]
[www.kingspec.com.cn/imageRepository/bee70074-1642-41d8-825d-f3253167e332.jpg]
[www.kingspec.com.cn/panorama/panoramaid=30.26e.delayed]
[www.kingspec.com.cn/products_detail/productId=30.html]
[www.kingspec.com.cn/news_detail/newsId=5.html]
[www.kingspec.com.cn/.html]
[www.kingspec.com.cn/styles/page_about.min9eae.css]
[www.kingspec.com.cn/about/i=4&comContentId=4.html]
[www.kingspec.com.cn/styles/page_purchase.min9eae.css]
[www.kingspec.com.cn/styles/page_buy.css]
[www.kingspec.com.cn/buy.html]
[www.kingspec.com.cn/images/members/que-legend-bg1.gif]
[www.kingspec.com.cn/images/members/que-legend-bg2.gif]
[www.kingspec.com.cn/images/members/que-legend-bg4.gif]
[www.kingspec.com.cn/images/members/que-legend-bg3.gif]
[www.kingspec.com.cn/styles/page_members_login.min9eae.css]
[www.kingspec.com.cn/styles/members/FrontMembers_login01-d1_c1.css]
[www.kingspec.com.cn/styles/page_MemberLogin.css]
[www.kingspec.com.cn/contact.27f.delayed]
[www.kingspec.com.cn/members_findpassword.html]
[www.kingspec.com.cn/publicScripts/components/index24e9.html]
[www.kingspec.com.cn/members_register.html]
[www.kingspec.com.cn/publicScripts/components/indexc2a1.html]
[www.kingspec.com.cn/imageRepository/3b830a8a-a9bf-4b6d-b1bb-e30acef03f8d.jpg]
[www.kingspec.com.cn/panorama/panoramaid=31.282.delayed]
[www.kingspec.com.cn/products_detail/productId=31.html]
[www.kingspec.com.cn/imageRepository/33211ad9-dc1f-492e-8c20-7c10ffa463c6.jpg]
[www.kingspec.com.cn/panorama/panoramaid=28.284.delayed]
[www.kingspec.com.cn/products_detail/productId=28.html]
[www.kingspec.com.cn/imageRepository/39a6c309-d2c5-4507-86de-0e745c638b61.jpg]
[www.kingspec.com.cn/panorama/panoramaid=60.286.delayed]
[www.kingspec.com.cn/products_detail/productId=60.html]
[www.kingspec.com.cn/panorama/panoramaid=50.287.delayed]
[www.kingspec.com.cn/products_detail/productId=50.html]
[www.kingspec.com.cn/imageRepository/d0ce62bf-b941-4398-8a31-9a9d1a57f719.jpg]
[www.kingspec.com.cn/panorama/panoramaid=62.289.delayed]
[www.kingspec.com.cn/products_detail/productId=62.html]
[www.kingspec.com.cn/imageRepository/b89c7292-06ec-4c8c-b9a4-95066eeff76a.jpg]
[www.kingspec.com.cn/panorama/panoramaid=61.28b.delayed]
[www.kingspec.com.cn/products_detail/productId=61.html]
[www.kingspec.com.cn/panorama/panoramaid=49.28c.delayed]
[www.kingspec.com.cn/products_detail/productId=49.html]
[www.kingspec.com.cn/imageRepository/df032728-45f0-40d6-b001-2b48e10d0b1d.jpg]
[www.kingspec.com.cn/panorama/panoramaid=34.28e.delayed]
[www.kingspec.com.cn/products_detail/productId=34.html]
[www.kingspec.com.cn/imageRepository/ebd8c062-e8e7-4b01-b7cc-d375b1cdafdc.jpg]
[www.kingspec.com.cn/panorama/panoramaid=33.290.delayed]
[www.kingspec.com.cn/products_detail/productId=33.html]
[www.kingspec.com.cn/imageRepository/6735905a-02c6-49ac-9570-0b0a9e176d6d.jpg]
[www.kingspec.com.cn/imageRepository/c5bd38ec-1f3a-44af-83d3-231bd0199d76.jpg]
[www.kingspec.com.cn/imageRepository/09fbac66-e14b-4769-9bf5-85c8b8422230.jpg]
[www.kingspec.com.cn/imageRepository/17559ba4-19e4-4429-8b85-8adb008afe06.jpg]
[www.kingspec.com.cn/imageRepository/2827e19a-6623-4410-aecd-b4b9dd882eb7.jpg]
[www.kingspec.com.cn/imageRepository/5fa3e057-eeff-46bb-b17f-bf11bf8f2dd5.jpg]
[www.kingspec.com.cn/imageRepository/6e60ef73-918e-4916-9e9a-1feb856024dc.jpg]
[www.kingspec.com.cn/imageRepository/7cbd14f4-4232-4db6-b742-06ac0a40c2b8.jpg]
[www.kingspec.com.cn/imageRepository/b457769b-82dc-41e0-994c-8b47e8c23f45.jpg]
[www.kingspec.com.cn/imageRepository/9953d2b2-596c-4c38-8f72-ee590802a267.jpg]
[www.kingspec.com.cn/imageRepository/4b7d5c65-1ee2-40e0-9ba7-bdce5b42b094.jpg]
[www.kingspec.com.cn/imageRepository/2d817236-c052-4aca-9298-a940cba95c03.jpg]
[www.kingspec.com.cn/panorama/panoramaid=38.29d.delayed]
[www.kingspec.com.cn/products_detail/productId=38.html]
[www.kingspec.com.cn/imageRepository/28a16982-94f1-4252-ae43-0aa525a5b897.jpg]
[www.kingspec.com.cn/panorama/panoramaid=63.29f.delayed]
[www.kingspec.com.cn/products_detail/productId=63.html]
[www.kingspec.com.cn/imageRepository/8f720ac2-9e43-4901-9eb5-55687c844e63.jpg]
[www.kingspec.com.cn/panorama/panoramaid=36.2a1.delayed]
[www.kingspec.com.cn/products_detail/productId=36.html]
[www.kingspec.com.cn/imageRepository/b607114d-786f-445f-9a8b-060e37fe1ded.jpg]
[www.kingspec.com.cn/panorama/panoramaid=35.2a3.delayed]
[www.kingspec.com.cn/products_detail/productId=35.html]
[www.kingspec.com.cn/imageRepository/6caa48a1-3348-4c44-9a30-ad925b2939b6.jpg]
[www.kingspec.com.cn/panorama/panoramaid=37.2a5.delayed]
[www.kingspec.com.cn/products_detail/productId=37.html]
[www.kingspec.com.cn/imageRepository/46e2381f-a3ce-47b4-8f72-188137ae379f.jpg]
[www.kingspec.com.cn/panorama/panoramaid=42.2a7.delayed]
[www.kingspec.com.cn/products_detail/productId=42.html]
[www.kingspec.com.cn/imageRepository/122a3d0f-4918-41c9-969a-6cf5cd475db5.jpg]
[www.kingspec.com.cn/panorama/panoramaid=41.2a9.delayed]
[www.kingspec.com.cn/products_detail/productId=41.html]
[www.kingspec.com.cn/imageRepository/6ef3143d-d205-4798-ae42-ff63bf9c7718.jpg]
[www.kingspec.com.cn/panorama/panoramaid=40.2ab.delayed]
[www.kingspec.com.cn/products_detail/productId=40.html]
[www.kingspec.com.cn/imageRepository/e9839972-43d1-4399-bf80-4414deb632da.jpg]
[www.kingspec.com.cn/panorama/panoramaid=39.2ad.delayed]
[www.kingspec.com.cn/products_detail/productId=39.html]
[www.kingspec.com.cn/imageRepository/cfa106af-fc35-494c-a30e-4b667689b1b0.jpg]
[www.kingspec.com.cn/panorama/panoramaid=58.2af.delayed]
[www.kingspec.com.cn/products_detail/productId=58.html]
[www.kingspec.com.cn/imageRepository/ca27ee97-da67-4490-88ff-04aa18a4db9c.jpg]
[www.kingspec.com.cn/panorama/panoramaid=59.2b1.delayed]
[www.kingspec.com.cn/products_detail/productId=59.html]
[www.kingspec.com.cn/imageRepository/14b6ed63-763f-426e-99ce-c36aeb6b614e.jpg]
[www.kingspec.com.cn/panorama/panoramaid=44.2b3.delayed]
[www.kingspec.com.cn/products_detail/productId=44.html]
[www.kingspec.com.cn/imageRepository/e06e22bf-fd7a-46af-8b7f-377390db40d9.jpg]
[www.kingspec.com.cn/imageRepository/dc6463a3-6e51-4638-989e-d40a1f2ec23d.jpg]
[www.kingspec.com.cn/imageRepository/f1859404-aa7b-4eee-823d-2f16b61d6a6e.jpg]
[www.kingspec.com.cn/imageRepository/2054b9b4-c491-48de-9e75-420cee776039.jpg]
[www.kingspec.com.cn/imageRepository/5b1c037e-8504-450c-b784-98a62133ddd9.jpg]
[www.kingspec.com.cn/imageRepository/78c67f6b-aa33-4eba-a722-064fc1c34407.jpg]
[www.kingspec.com.cn/panorama/panoramaid=66.2ba.delayed]
[www.kingspec.com.cn/products_detail/productId=66.html]
[www.kingspec.com.cn/imageRepository/d381a815-aafc-46c1-9e3e-4d04b30c5c9f.jpg]
[www.kingspec.com.cn/panorama/panoramaid=68.2bc.delayed]
[www.kingspec.com.cn/products_detail/productId=68.html]
[www.kingspec.com.cn/imageRepository/d1c4e89a-980f-4455-89ae-3ffd6c599366.jpg]
[www.kingspec.com.cn/panorama/panoramaid=69.2be.delayed]
[www.kingspec.com.cn/products_detail/productId=69.html]
[www.kingspec.com.cn/imageRepository/2e2b248b-8561-4e2b-b7ac-937e28411509.jpg]
[www.kingspec.com.cn/panorama/panoramaid=45.2c0.delayed]
[www.kingspec.com.cn/products_detail/productId=45.html]
[www.kingspec.com.cn/imageRepository/a8aa7473-72a8-4afb-bc3c-2d8666d4e463.jpg]
[www.kingspec.com.cn/panorama/panoramaid=46.2c2.delayed]
[www.kingspec.com.cn/products_detail/productId=46.html]
[www.kingspec.com.cn/imageRepository/a031586c-8859-4c22-b289-65b4e32fe713.jpg]
[www.kingspec.com.cn/panorama/panoramaid=32.2c4.delayed]
[www.kingspec.com.cn/products_detail/productId=32.html]
[www.kingspec.com.cn/panorama/panoramaid=47.2c5.delayed]
[www.kingspec.com.cn/products_detail/productId=47.html]
[www.kingspec.com.cn/imageRepository/b4c0e68e-c21a-4269-9f82-7cdea267146a.jpg]
[www.kingspec.com.cn/imageRepository/fd19d5aa-f4d6-4381-a78a-e130d4bd3575.jpg]
[www.kingspec.com.cn/imageRepository/82c0d8d8-fa65-454e-ba42-c87e0678336c.jpg]
[www.kingspec.com.cn/imageRepository/167ef820-1af0-4aa2-b809-86cec75584b0.jpg]
[www.kingspec.com.cn/imageRepository/27db088c-c067-43e5-a5df-0474c92b6285.jpg]
[www.kingspec.com.cn/imageRepository/a862397d-3258-4715-babc-72a9e802a583.jpg]
[www.kingspec.com.cn/imageRepository/4210b3e1-7f84-41f6-b949-1db197005aeb.jpg]
[www.kingspec.com.cn/panorama/panoramaid=48.2cd.delayed]
[www.kingspec.com.cn/products_detail/productId=48.html]
[www.kingspec.com.cn/styles/page_message.min9eae.css]
[www.kingspec.com.cn/styles/page_faq.min9eae.css]
[www.kingspec.com.cn/faq_detail/newsId=17.html]
[www.kingspec.com.cn/faq_detail/newsId=15.html]
[www.kingspec.com.cn/faq_detail/newsId=13.html]
[www.kingspec.com.cn/faq/newsCategoryId=12.html]
[www.kingspec.com.cn/faq_detail/newsId=9.html]
[www.kingspec.com.cn/faq_detail/newsId=21.html]
[www.kingspec.com.cn/faq_detail/newsId=20.html]
[www.kingspec.com.cn/faq_detail/newsId=19.html]
[www.kingspec.com.cn/faq_detail/newsId=16.html]
[www.kingspec.com.cn/faq_detail/newsId=14.html]
[www.kingspec.com.cn/faq_detail/newsId=10.html]
[www.kingspec.com.cn/faq_detail/newsId=8.html]
[www.kingspec.com.cn/faq/newsCategoryId=13.html]
[www.kingspec.com.cn/faq/newsCategoryId=10.html]
[www.kingspec.com.cn/faq_detail/newsId=18.html]
[www.kingspec.com.cn/faq_detail/newsId=12.html]
[www.kingspec.com.cn/faq_detail/newsId=11.html]
[www.kingspec.com.cn/styles/page_Sale.min9eae.css]
[www.kingspec.com.cn/images/downloads/down-bgtable.gif]
[www.kingspec.com.cn/images/downloads/down-bgtitle.gif]
[www.kingspec.com.cn/images/img/down.png]
[www.kingspec.com.cn/images/img/do.png]
[www.kingspec.com.cn/styles/page_download.min9eae.css]
[www.kingspec.com.cn/members_login.html]
[www.kingspec.com.cn/styles/page_video.min9eae.css]
[www.kingspec.com.cn/images/lightbox.html]
[www.kingspec.com.cn/images/jquery.lightbox.min.html]
[www.kingspec.com.cn/imageRepository/ceaaff0f-b143-4949-a745-5b979b48690d.png]
[www.kingspec.com.cn/imageRepository/aa4ef207-755f-4508-b661-8c1b6b68795f.png]
[www.kingspec.com.cn/imageRepository/dbc6207e-e4b8-4670-a390-c1b9c8fe8674.png]
[www.kingspec.com.cn/publicScripts/components/indexac0b.html]
[www.kingspec.com.cn/video/newsCategoryId=9.html]
[www.kingspec.com.cn/video_detail/newsId=7.html]
[www.kingspec.com.cn/video_detail/newsId=6.html]
[www.kingspec.com.cn/styles/page_xs_list.min9eae.css]
[www.kingspec.com.cn/xs_detail/newsId=26.html]
[www.kingspec.com.cn/xs_detail/newsId=25.html]
[www.kingspec.com.cn/xs_detail/newsId=24.html]
[www.kingspec.com.cn/xs_detail/newsId=23.html]
[www.kingspec.com.cn/xs_list/newsCategoryId=14.html]
[www.kingspec.com.cn/xs_detail/newsId=22.html]
[www.kingspec.com.cn/imageRepository/48e00fc7-f90c-44b9-95f0-9be3f2fdce4a.jpg]
[www.kingspec.com.cn/imageRepository/7591029d-7b1a-4cc6-b55c-fc74f43c8f7c.jpg]
[www.kingspec.com.cn/panorama/panoramaid=56.2e3.delayed]
[www.kingspec.com.cn/products_detail/productId=56.html]
[www.kingspec.com.cn/imageRepository/d4e7d117-52d6-4f3f-acc0-7ee6a6e3ff65.jpg]
[www.kingspec.com.cn/panorama/panoramaid=55.2e5.delayed]
[www.kingspec.com.cn/products_detail/productId=55.html]
[www.kingspec.com.cn/imageRepository/37a45074-e71a-40f5-8154-62319f24c7b2.jpg]
[www.kingspec.com.cn/panorama/panoramaid=54.2e7.delayed]
[www.kingspec.com.cn/products_detail/productId=54.html]
[www.kingspec.com.cn/imageRepository/6956e920-1029-40bc-a34d-7727041398d7.jpg]
[www.kingspec.com.cn/panorama/panoramaid=53.2e9.delayed]
[www.kingspec.com.cn/products_detail/productId=53.html]
[www.kingspec.com.cn/imageRepository/af96ad78-f639-4cb1-8a21-9c688846b258.jpg]
[www.kingspec.com.cn/panorama/panoramaid=65.2eb.delayed]
[www.kingspec.com.cn/products_detail/productId=65.html]
[www.kingspec.com.cn/imageRepository/79a91307-c36f-4f29-b0d2-56cb065ffac6.jpg]
[www.kingspec.com.cn/panorama/panoramaid=64.2ed.delayed]
[www.kingspec.com.cn/products_detail/productId=64.html]
[www.kingspec.com.cn/styles/page_news_detail.min9eae.css]
[www.kingspec.com.cn/imageRepository/d62af197-691a-4e6f-9820-f800295db5a1.png]
[www.kingspec.com.cn/imageRepository/c99b34cc-8912-4abb-a6c6-4bf2300c2853.png]
[www.kingspec.com.cn/imageRepository/0051016b-681f-4ddc-8e46-5695a8f1e8eb.png]
[www.kingspec.com.cn/products_list/pmcId=23.html_/index.html]
[www.kingspec.com.cn/imageRepository/e3703573-047a-4dd0-b131-2b5426c706c7.png]
[www.kingspec.com.cn/imageRepository/75e0de74-a1b4-439f-971c-deb48603a978.png]
[www.kingspec.com.cn/imageRepository/031184be-fb79-4c0f-8b24-b38fd0b66872.png]
[www.kingspec.com.cn/imageRepository/0e498775-86eb-45f8-bce5-da966f2335a7.png]
[www.kingspec.com.cn/imageRepository/0d012dd8-1c81-439c-9ad9-e29aa9359afc.png]
[www.kingspec.com.cn/imageRepository/42ce2675-450e-4ed7-855f-5452d29c0fda.png]
[www.kingspec.com.cn/imageRepository/f9da6cc4-974e-4375-9c7d-a3218c0011d7.jpg]
[www.kingspec.com.cn/imageRepository/c1c2f75f-3ac5-4f70-a872-12f374c4f98b.jpg]
[www.kingspec.com.cn/news_list/newsCategoryId=14.html]
[www.kingspec.com.cn/imageRepository/fc38e118-6e27-4430-886e-c33b60320c56.jpg]
[www.kingspec.com.cn/imageRepository/10912980-bd19-4391-827d-2078f9075b45.jpg]
[www.kingspec.com.cn/imageRepository/28e7d60b-b013-48d3-9fa6-9cf4b958eb38.jpg]
[www.kingspec.com.cn/imageRepository/21160694-f407-4d9b-b6c0-d651d19f41e1.jpg]
[www.kingspec.com.cn/imageRepository/764d350d-b962-4e15-b0c9-5b70fdcc7055.jpg]
[www.kingspec.com.cn/imageRepository/a041539d-df8d-4cd6-8004-87b18b085924.jpg]
[www.kingspec.com.cn/imageRepository/426a0030-448c-4fa2-ad15-9764d4f5e7e8.jpg]
[www.kingspec.com.cn/imageRepository/9c958ffa-21c7-4dd1-83ef-874486429435.jpg]
[www.kingspec.com.cn/imageRepository/f014d75a-f23f-4863-9442-80629f8041ce.jpg]
[www.kingspec.com.cn/imageRepository/d1985bf7-0f8b-46dc-91ea-936a1e4c42e6.jpg]
[www.kingspec.com.cn/imageRepository/d67a94c4-1572-4ff0-8294-02aa3c37e3bc.jpg]
[www.kingspec.com.cn/imageRepository/bab36e69-9ec5-47db-9d76-8128d85fd62f.jpg]
[www.kingspec.com.cn/imageRepository/b85b6f16-3742-4a48-bc1f-ca4d333c3c21.jpg]
[www.kingspec.com.cn/imageRepository/18478a81-a692-4fef-b1f9-c30c10dae477.jpg]
[www.kingspec.com.cn/imageRepository/00c16b78-5fb0-4704-93e3-0da08b53a858.jpg]
[www.kingspec.com.cn/styles/page_zt.min9eae.css]
[www.kingspec.com.cn/zt-2.html]
[www.kingspec.com.cn/images/z1.jpg]
[www.kingspec.com.cn/images/cjq/c_a2.html]
[www.kingspec.com.cn/images/cjq/c_a.html]
[www.kingspec.com.cn/images/cjq/bt.html]
[www.kingspec.com.cn/images/cjq/mbx.html]
[www.kingspec.com.cn/imageRepository/fb62c572-4402-44f1-8842-f1d85bf65c46.jpg]
[www.kingspec.com.cn/images/cjq/c_icon11.html]
[www.kingspec.com.cn/images/cjq/c_icon2.html]
[www.kingspec.com.cn/images/cjq/c_icon.html]
[www.kingspec.com.cn/images/cjq/c_icon3.html]
[www.kingspec.com.cn/images/cjq/c_icon1.html]
[www.kingspec.com.cn/styles/page_service.min9eae.css]
[www.kingspec.com.cn/images/products/zoom-01.png]
[www.kingspec.com.cn/images/products/pic-small-bg1.2ef.delayed]
[www.kingspec.com.cn/images/products/pic-small-hover1.2f0.delayed]
[www.kingspec.com.cn/images/products/btn-blue1-01.gif]
[www.kingspec.com.cn/images/products/btn-gray1-01.gif]
[www.kingspec.com.cn/images/products/inq-bgtable.gif]
[www.kingspec.com.cn/images/products/tab-line.gif]
[www.kingspec.com.cn/images/products/tab-bg.gif]
[www.kingspec.com.cn/images/products/tab-current.gif]
[www.kingspec.com.cn/styles/page_products_detail.min9eae.css]
[www.kingspec.com.cn/order_oos_book.html]
[www.kingspec.com.cn/panorama/panoramaid=25.html]
[www.kingspec.com.cn/panorama/panoramaid=67.html]
[www.kingspec.com.cn/panorama/panoramaid=27.html]
[www.kingspec.com.cn/imageRepository/7174957e-fe1b-4c3c-adc5-67f7be00ced8.jpg]
[www.kingspec.com.cn/imageRepository/32577a88-0709-43cf-aa61-a2885e63ef79.jpg]
[www.kingspec.com.cn/panorama/panoramaid=29.html]
[www.kingspec.com.cn/imageRepository/5f0061b8-0135-4e7a-bc40-5c16768d7e41.jpg]
[www.kingspec.com.cn/imageRepository/bade1eeb-d9d4-471b-946b-244cb69266cf.jpg]
[www.kingspec.com.cn/imageRepository/7d2a9885-9eee-47c0-af2c-0720245dc3aa.jpg]
[www.kingspec.com.cn/imageRepository/aa26e091-e0a7-4597-bdcf-df052ca16711.jpg]
[www.kingspec.com.cn/imageRepository/c4fb9d3c-44a5-45db-a2ca-dc3930a6a73b.jpg]
[www.kingspec.com.cn/panorama/panoramaid=52.html]
[www.kingspec.com.cn/imageRepository/cf66ab59-e1cb-443b-8df8-394782640ef2.jpg]
[www.kingspec.com.cn/imageRepository/16f272af-7989-4e0f-9e52-edd2c0bc63ca.jpg]
[www.kingspec.com.cn/imageRepository/a5838ac6-fd5e-4892-ae42-020f6ee9e011.jpg]
[www.kingspec.com.cn/imageRepository/1ff2a7de-8440-4e9d-ba12-7e165fac7a22.jpg]
[www.kingspec.com.cn/panorama/panoramaid=51.html]
[www.kingspec.com.cn/panorama/panoramaid=30.html]
[www.kingspec.com.cn/styles/common.css]
[www.kingspec.com.cn/styles/borders.css]
[www.kingspec.com.cn/styles/temp_content_ny.css]
[www.kingspec.com.cn/styles/layout_1col_NoHeadFoot.css]
[www.kingspec.com.cn/styles/page_buy_specifies.css]
[www.kingspec.com.cn/styles/page_buy_columns.css]
[www.kingspec.com.cn/styles/page_buy_products.css]
[www.kingspec.com.cn/styles/page_buy_comcontent.css]
[www.kingspec.com.cn/styles/page_buy_public.css]
[www.kingspec.com.cn/styles/content_buy.css]
[www.kingspec.com.cn/images/common/content/index-bg.gif]
[www.kingspec.com.cn/styles/layout_1default.css]
[www.kingspec.com.cn/images/members/btn-blue1-01.gif]
[www.kingspec.com.cn/images/members/btn-blue1-02.gif]
[www.kingspec.com.cn/styles/page_members_findpassword.min9eae.css]
[www.kingspec.com.cn/contact.html]
[www.kingspec.com.cn/images/orders/minicar-bg.gif]
[www.kingspec.com.cn/images/orders/minicar-right.gif]
[www.kingspec.com.cn/images/orders/close1.gif]
[www.kingspec.com.cn/images/orders/close1-hover.gif]
[www.kingspec.com.cn/images/orders/minicar-list-top.gif]
[www.kingspec.com.cn/images/orders/minicar-list-bottom.gif]
[www.kingspec.com.cn/images/orders/minicar-bottom.gif]
[www.kingspec.com.cn/images/orders/clear.gif]
[www.kingspec.com.cn/images/orders/order.gif]
[www.kingspec.com.cn/images/orders/favor.gif]
[www.kingspec.com.cn/images/orders/close-icon.gif]
[www.kingspec.com.cn/images/orders/ok.gif]
[www.kingspec.com.cn/images/orders/popup-frame-gb.gif]
[www.kingspec.com.cn/images/orders/popup_frame_gb3.gif]
[www.kingspec.com.cn/images/orders/popup-frame-gb2.gif]
[www.kingspec.com.cn/images/orders/cart.gif]
[www.kingspec.com.cn/images/orders/product-popup-onec-gb.gif]
[www.kingspec.com.cn/images/questionnaire/que-legend-bg1.gif]
[www.kingspec.com.cn/styles/page_members_register.min9eae.css]
[www.kingspec.com.cn/panorama/panoramaid=31.html]
[www.kingspec.com.cn/panorama/panoramaid=28.html]
[www.kingspec.com.cn/panorama/panoramaid=60.html]
[www.kingspec.com.cn/panorama/panoramaid=50.html]
[www.kingspec.com.cn/panorama/panoramaid=62.html]
[www.kingspec.com.cn/panorama/panoramaid=61.html]
[www.kingspec.com.cn/panorama/panoramaid=49.html]
[www.kingspec.com.cn/panorama/panoramaid=34.html]
[www.kingspec.com.cn/panorama/panoramaid=33.html]
[www.kingspec.com.cn/publicScripts/components/indexc2a1.html]
[www.kingspec.com.cn/imageRepository/09fbac66-e14b-4769-9bf5-85c8b8422230.jpg]
[www.kingspec.com.cn/imageRepository/17559ba4-19e4-4429-8b85-8adb008afe06.jpg]
[www.kingspec.com.cn/imageRepository/2827e19a-6623-4410-aecd-b4b9dd882eb7.jpg]
[www.kingspec.com.cn/imageRepository/5fa3e057-eeff-46bb-b17f-bf11bf8f2dd5.jpg]
[www.kingspec.com.cn/imageRepository/7cbd14f4-4232-4db6-b742-06ac0a40c2b8.jpg]
[www.kingspec.com.cn/imageRepository/b457769b-82dc-41e0-994c-8b47e8c23f45.jpg]
[www.kingspec.com.cn/imageRepository/4b7d5c65-1ee2-40e0-9ba7-bdce5b42b094.jpg]
[www.kingspec.com.cn/imageRepository/2d817236-c052-4aca-9298-a940cba95c03.jpg]
[www.kingspec.com.cn/panorama/panoramaid=38.html]
[www.kingspec.com.cn/imageRepository/28a16982-94f1-4252-ae43-0aa525a5b897.jpg]
[www.kingspec.com.cn/panorama/panoramaid=63.html]
[www.kingspec.com.cn/imageRepository/8f720ac2-9e43-4901-9eb5-55687c844e63.jpg]
[www.kingspec.com.cn/panorama/panoramaid=36.html]
[www.kingspec.com.cn/panorama/panoramaid=35.html]
[www.kingspec.com.cn/panorama/panoramaid=37.html]
[www.kingspec.com.cn/panorama/panoramaid=42.html]
[www.kingspec.com.cn/panorama/panoramaid=41.html]
[www.kingspec.com.cn/panorama/panoramaid=40.html]
[www.kingspec.com.cn/panorama/panoramaid=39.html]
[www.kingspec.com.cn/panorama/panoramaid=58.html]
[www.kingspec.com.cn/imageRepository/ca27ee97-da67-4490-88ff-04aa18a4db9c.jpg]
[www.kingspec.com.cn/panorama/panoramaid=59.html]
[www.kingspec.com.cn/panorama/panoramaid=44.html]
[www.kingspec.com.cn/panorama/panoramaid=66.html]
[www.kingspec.com.cn/panorama/panoramaid=68.html]
[www.kingspec.com.cn/panorama/panoramaid=69.html]
[www.kingspec.com.cn/panorama/panoramaid=45.html]
[www.kingspec.com.cn/panorama/panoramaid=46.html]
[www.kingspec.com.cn/panorama/panoramaid=32.html]
[www.kingspec.com.cn/panorama/panoramaid=47.html]
[www.kingspec.com.cn/panorama/panoramaid=48.html]
[www.kingspec.com.cn/faq_detail/newsId=17.html]
[www.kingspec.com.cn/imageRepository/d381a815-aafc-46c1-9e3e-4d04b30c5c9f.jpg]
[www.kingspec.com.cn/faq_detail/newsId=15.html]
[www.kingspec.com.cn/faq_detail/newsId=13.html]
[www.kingspec.com.cn/faq_detail/newsId=9.html]
[www.kingspec.com.cn/faq_detail/newsId=21.html]
[www.kingspec.com.cn/faq_detail/newsId=20.html]
[www.kingspec.com.cn/faq_detail/newsId=19.html]
[www.kingspec.com.cn/faq_detail/newsId=16.html]
[www.kingspec.com.cn/faq_detail/newsId=14.html]
[www.kingspec.com.cn/faq_detail/newsId=10.html]
[www.kingspec.com.cn/faq_detail/newsId=8.html]
[www.kingspec.com.cn/styles/page_faq_detail.min9eae.css]
[www.kingspec.com.cn/imageRepository/dbc6207e-e4b8-4670-a390-c1b9c8fe8674.png]
[www.kingspec.com.cn/styles/page_video_detail.min9eae.css]
[www.kingspec.com.cn/video/newsCategoryId=9.html]
[www.kingspec.com.cn/styles/page_xs_detail.min9eae.css]
[www.kingspec.com.cn/xs_list/newsCategoryId=14.html]
[www.kingspec.com.cn/panorama/panoramaid=56.html]
[www.kingspec.com.cn/panorama/panoramaid=55.html]
[www.kingspec.com.cn/panorama/panoramaid=54.html]
[www.kingspec.com.cn/panorama/panoramaid=53.html]
[www.kingspec.com.cn/panorama/panoramaid=65.html]
[www.kingspec.com.cn/faq/newsCategoryId=14.html]
[www.kingspec.com.cn/panorama/panoramaid=64.html]
[www.kingspec.com.cn/imageRepository/37a45074-e71a-40f5-8154-62319f24c7b2.jpg]
[www.kingspec.com.cn/imageRepository/af96ad78-f639-4cb1-8a21-9c688846b258.jpg]
[www.kingspec.com.cn/imageRepository/79a91307-c36f-4f29-b0d2-56cb065ffac6.jpg]
[www.kingspec.com.cn/images/z1.jpg]
[www.kingspec.com.cn/images/products/pic-small-bg1.html]
[www.kingspec.com.cn/images/products/pic-small-hover1.html]
[www.kingspec.com.cn/styles/ui-all.css]
[www.kingspec.com.cn/styles/button.css]
[www.kingspec.com.cn/styles/specifies/FrontSpecifies_show01-d1_c1.css]
[www.kingspec.com.cn/styles/specifies/FrontSpecifies_show01-d3_c1.css]
[www.kingspec.com.cn/styles/columns/FrontColumns_navigation01-d2_c1.css]
[www.kingspec.com.cn/styles/products/FrontProducts_generalSearch01-d1_c1_01.css]
[www.kingspec.com.cn/styles/comcontent/FrontComContent_list01-d1_c1.css]
[www.kingspec.com.cn/styles/comcontent/FrontComContent_detail01-d1_c1.css]
[www.kingspec.com.cn/styles/public/FrontPublic_breadCrumb01-d1_c1.css]
[www.kingspec.com.cn/faq_detail/newsId=26.html]
[www.kingspec.com.cn/faq_detail/newsId=25.html]
[www.kingspec.com.cn/faq_detail/newsId=24.html]
[www.kingspec.com.cn/faq_detail/newsId=23.html]
[www.kingspec.com.cn/faq/newsCategoryId=14.html]
[www.kingspec.com.cn/faq_detail/newsId=26.html]
[www.kingspec.com.cn/faq_detail/newsId=25.html]
[www.kingspec.com.cn/faq_detail/newsId=22.html]
[www.kingspec.com.cn/faq_detail/newsId=24.html]
[www.kingspec.com.cn/faq_detail/newsId=23.html]
[www.kingspec.com.cn/faq_detail/newsId=22.html]
